Archive member included to satisfy reference by file (symbol)

/home/manojkumar/Ac6/SystemWorkbench/plugins/fr.ac6.mcu.externaltools.arm-none.linux64_1.13.1.201703061524/tools/compiler/bin/../lib/gcc/arm-none-eabi/5.4.1/../../../../arm-none-eabi/lib/armv6-m/libc_nano.a(lib_a-exit.o)
                              /home/manojkumar/Ac6/SystemWorkbench/plugins/fr.ac6.mcu.externaltools.arm-none.linux64_1.13.1.201703061524/tools/compiler/bin/../lib/gcc/arm-none-eabi/5.4.1/../../../../arm-none-eabi/lib/armv6-m/crt0.o (exit)
/home/manojkumar/Ac6/SystemWorkbench/plugins/fr.ac6.mcu.externaltools.arm-none.linux64_1.13.1.201703061524/tools/compiler/bin/../lib/gcc/arm-none-eabi/5.4.1/../../../../arm-none-eabi/lib/armv6-m/libc_nano.a(lib_a-impure.o)
                              /home/manojkumar/Ac6/SystemWorkbench/plugins/fr.ac6.mcu.externaltools.arm-none.linux64_1.13.1.201703061524/tools/compiler/bin/../lib/gcc/arm-none-eabi/5.4.1/../../../../arm-none-eabi/lib/armv6-m/libc_nano.a(lib_a-exit.o) (_global_impure_ptr)
/home/manojkumar/Ac6/SystemWorkbench/plugins/fr.ac6.mcu.externaltools.arm-none.linux64_1.13.1.201703061524/tools/compiler/bin/../lib/gcc/arm-none-eabi/5.4.1/../../../../arm-none-eabi/lib/armv6-m/libc_nano.a(lib_a-init.o)
                              /home/manojkumar/Ac6/SystemWorkbench/plugins/fr.ac6.mcu.externaltools.arm-none.linux64_1.13.1.201703061524/tools/compiler/bin/../lib/gcc/arm-none-eabi/5.4.1/../../../../arm-none-eabi/lib/armv6-m/crt0.o (__libc_init_array)
/home/manojkumar/Ac6/SystemWorkbench/plugins/fr.ac6.mcu.externaltools.arm-none.linux64_1.13.1.201703061524/tools/compiler/bin/../lib/gcc/arm-none-eabi/5.4.1/../../../../arm-none-eabi/lib/armv6-m/libc_nano.a(lib_a-memset.o)
                              /home/manojkumar/Ac6/SystemWorkbench/plugins/fr.ac6.mcu.externaltools.arm-none.linux64_1.13.1.201703061524/tools/compiler/bin/../lib/gcc/arm-none-eabi/5.4.1/../../../../arm-none-eabi/lib/armv6-m/crt0.o (memset)
/home/manojkumar/Ac6/SystemWorkbench/plugins/fr.ac6.mcu.externaltools.arm-none.linux64_1.13.1.201703061524/tools/compiler/bin/../lib/gcc/arm-none-eabi/5.4.1/../../../../arm-none-eabi/lib/armv6-m/libnosys.a(_exit.o)
                              /home/manojkumar/Ac6/SystemWorkbench/plugins/fr.ac6.mcu.externaltools.arm-none.linux64_1.13.1.201703061524/tools/compiler/bin/../lib/gcc/arm-none-eabi/5.4.1/../../../../arm-none-eabi/lib/armv6-m/libc_nano.a(lib_a-exit.o) (_exit)
/home/manojkumar/Ac6/SystemWorkbench/plugins/fr.ac6.mcu.externaltools.arm-none.linux64_1.13.1.201703061524/tools/compiler/bin/../lib/gcc/arm-none-eabi/5.4.1/armv6-m/libgcc.a(_udivsi3.o)
                              build/main.o (__aeabi_uidiv)
/home/manojkumar/Ac6/SystemWorkbench/plugins/fr.ac6.mcu.externaltools.arm-none.linux64_1.13.1.201703061524/tools/compiler/bin/../lib/gcc/arm-none-eabi/5.4.1/armv6-m/libgcc.a(_dvmd_tls.o)
                              /home/manojkumar/Ac6/SystemWorkbench/plugins/fr.ac6.mcu.externaltools.arm-none.linux64_1.13.1.201703061524/tools/compiler/bin/../lib/gcc/arm-none-eabi/5.4.1/armv6-m/libgcc.a(_udivsi3.o) (__aeabi_idiv0)

Allocating common symbols
Common symbol       size              file

uwTick              0x4               build/stm32l0xx_hal.o
pFlash              0x18              build/stm32l0xx_hal_flash.o

Discarded input sections

 .text          0x00000000        0x0 /home/manojkumar/Ac6/SystemWorkbench/plugins/fr.ac6.mcu.externaltools.arm-none.linux64_1.13.1.201703061524/tools/compiler/bin/../lib/gcc/arm-none-eabi/5.4.1/armv6-m/crti.o
 .data          0x00000000        0x0 /home/manojkumar/Ac6/SystemWorkbench/plugins/fr.ac6.mcu.externaltools.arm-none.linux64_1.13.1.201703061524/tools/compiler/bin/../lib/gcc/arm-none-eabi/5.4.1/armv6-m/crti.o
 .bss           0x00000000        0x0 /home/manojkumar/Ac6/SystemWorkbench/plugins/fr.ac6.mcu.externaltools.arm-none.linux64_1.13.1.201703061524/tools/compiler/bin/../lib/gcc/arm-none-eabi/5.4.1/armv6-m/crti.o
 .data          0x00000000        0x4 /home/manojkumar/Ac6/SystemWorkbench/plugins/fr.ac6.mcu.externaltools.arm-none.linux64_1.13.1.201703061524/tools/compiler/bin/../lib/gcc/arm-none-eabi/5.4.1/armv6-m/crtbegin.o
 .text          0x00000000       0x78 /home/manojkumar/Ac6/SystemWorkbench/plugins/fr.ac6.mcu.externaltools.arm-none.linux64_1.13.1.201703061524/tools/compiler/bin/../lib/gcc/arm-none-eabi/5.4.1/../../../../arm-none-eabi/lib/armv6-m/crt0.o
 .data          0x00000000        0x0 /home/manojkumar/Ac6/SystemWorkbench/plugins/fr.ac6.mcu.externaltools.arm-none.linux64_1.13.1.201703061524/tools/compiler/bin/../lib/gcc/arm-none-eabi/5.4.1/../../../../arm-none-eabi/lib/armv6-m/crt0.o
 .bss           0x00000000        0x0 /home/manojkumar/Ac6/SystemWorkbench/plugins/fr.ac6.mcu.externaltools.arm-none.linux64_1.13.1.201703061524/tools/compiler/bin/../lib/gcc/arm-none-eabi/5.4.1/../../../../arm-none-eabi/lib/armv6-m/crt0.o
[...]
Memory Configuration

Name             Origin             Length             Attributes
RAM              0x20000000         0x00002000         xrw
FLASH            0x08000000         0x00010000         xr
*default*        0x00000000         0xffffffff

Linker script and memory map

LOAD /home/manojkumar/Ac6/SystemWorkbench/plugins/fr.ac6.mcu.externaltools.arm-none.linux64_1.13.1.201703061524/tools/compiler/bin/../lib/gcc/arm-none-eabi/5.4.1/armv6-m/crti.o
LOAD /home/manojkumar/Ac6/SystemWorkbench/plugins/fr.ac6.mcu.externaltools.arm-none.linux64_1.13.1.201703061524/tools/compiler/bin/../lib/gcc/arm-none-eabi/5.4.1/armv6-m/crtbegin.o
LOAD /home/manojkumar/Ac6/SystemWorkbench/plugins/fr.ac6.mcu.externaltools.arm-none.linux64_1.13.1.201703061524/tools/compiler/bin/../lib/gcc/arm-none-eabi/5.4.1/../../../../arm-none-eabi/lib/armv6-m/crt0.o
LOAD build/stm32l0xx_hal_tim.o
LOAD build/stm32l0xx_hal_flash_ramfunc.o
LOAD build/stm32l0xx_hal_tim_ex.o
LOAD build/stm32l0xx_it.o
LOAD build/stm32l0xx_hal_i2c_ex.o
LOAD build/stm32l0xx_hal_flash.o
LOAD build/stm32l0xx_hal_cortex.o
LOAD build/stm32l0xx_hal_gpio.o
LOAD build/stm32l0xx_hal_pwr.o
LOAD build/main.o
LOAD build/stm32l0xx_hal_i2c.o
LOAD build/stm32l0xx_hal.o
LOAD build/stm32l0xx_hal_pwr_ex.o
LOAD build/stm32l0xx_hal_rcc.o
LOAD build/stm32l0xx_hal_flash_ex.o
LOAD build/stm32l0xx_hal_rcc_ex.o
LOAD build/system_stm32l0xx.o
LOAD build/stm32l0xx_hal_msp.o
LOAD build/stm32l0xx_hal_dma.o
LOAD build/startup_stm32l053xx.o
LOAD /home/manojkumar/Ac6/SystemWorkbench/plugins/fr.ac6.mcu.externaltools.arm-none.linux64_1.13.1.201703061524/tools/compiler/bin/../lib/gcc/arm-none-eabi/5.4.1/../../../../arm-none-eabi/lib/armv6-m/libc_nano.a
LOAD /home/manojkumar/Ac6/SystemWorkbench/plugins/fr.ac6.mcu.externaltools.arm-none.linux64_1.13.1.201703061524/tools/compiler/bin/../lib/gcc/arm-none-eabi/5.4.1/../../../../arm-none-eabi/lib/armv6-m/libm.a
LOAD /home/manojkumar/Ac6/SystemWorkbench/plugins/fr.ac6.mcu.externaltools.arm-none.linux64_1.13.1.201703061524/tools/compiler/bin/../lib/gcc/arm-none-eabi/5.4.1/../../../../arm-none-eabi/lib/armv6-m/libnosys.a
START GROUP
LOAD /home/manojkumar/Ac6/SystemWorkbench/plugins/fr.ac6.mcu.externaltools.arm-none.linux64_1.13.1.201703061524/tools/compiler/bin/../lib/gcc/arm-none-eabi/5.4.1/armv6-m/libgcc.a
LOAD /home/manojkumar/Ac6/SystemWorkbench/plugins/fr.ac6.mcu.externaltools.arm-none.linux64_1.13.1.201703061524/tools/compiler/bin/../lib/gcc/arm-none-eabi/5.4.1/../../../../arm-none-eabi/lib/armv6-m/libc_nano.a
END GROUP
START GROUP
LOAD /home/manojkumar/Ac6/SystemWorkbench/plugins/fr.ac6.mcu.externaltools.arm-none.linux64_1.13.1.201703061524/tools/compiler/bin/../lib/gcc/arm-none-eabi/5.4.1/armv6-m/libgcc.a
LOAD /home/manojkumar/Ac6/SystemWorkbench/plugins/fr.ac6.mcu.externaltools.arm-none.linux64_1.13.1.201703061524/tools/compiler/bin/../lib/gcc/arm-none-eabi/5.4.1/../../../../arm-none-eabi/lib/armv6-m/libc_nano.a
END GROUP
LOAD /home/manojkumar/Ac6/SystemWorkbench/plugins/fr.ac6.mcu.externaltools.arm-none.linux64_1.13.1.201703061524/tools/compiler/bin/../lib/gcc/arm-none-eabi/5.4.1/armv6-m/crtend.o
LOAD /home/manojkumar/Ac6/SystemWorkbench/plugins/fr.ac6.mcu.externaltools.arm-none.linux64_1.13.1.201703061524/tools/compiler/bin/../lib/gcc/arm-none-eabi/5.4.1/armv6-m/crtn.o
                0x20002000                _estack = 0x20002000
                0x00000200                _Min_Heap_Size = 0x200
                0x00000400                _Min_Stack_Size = 0x400

.isr_vector     0x08000000       0xc0
                0x08000000                . = ALIGN (0x4)
 *(.isr_vector)
 .isr_vector    0x08000000       0xc0 build/startup_stm32l053xx.o
                0x08000000                g_pfnVectors
                0x080000c0                . = ALIGN (0x4)

.text           0x080000c0      0xf70
                0x080000c0                . = ALIGN (0x4)
 *(.text)
 .text          0x080000c0       0x60 /home/manojkumar/Ac6/SystemWorkbench/plugins/fr.ac6.mcu.externaltools.arm-none.linux64_1.13.1.201703061524/tools/compiler/bin/../lib/gcc/arm-none-eabi/5.4.1/armv6-m/crtbegin.o
 .text          0x08000120      0x114 /home/manojkumar/Ac6/SystemWorkbench/plugins/fr.ac6.mcu.externaltools.arm-none.linux64_1.13.1.201703061524/tools/compiler/bin/../lib/gcc/arm-none-eabi/5.4.1/armv6-m/libgcc.a(_udivsi3.o)
                0x08000120                __udivsi3
                0x08000120                __aeabi_uidiv
                0x0800022c                __aeabi_uidivmod
 .text          0x08000234        0x4 /home/manojkumar/Ac6/SystemWorkbench/plugins/fr.ac6.mcu.externaltools.arm-none.linux64_1.13.1.201703061524/tools/compiler/bin/../lib/gcc/arm-none-eabi/5.4.1/armv6-m/libgcc.a(_dvmd_tls.o)
                0x08000234                __aeabi_ldiv0
                0x08000234                __aeabi_idiv0
 *(.text*)
 .text.NMI_Handler
                0x08000238        0x4 build/stm32l0xx_it.o
                0x08000238                NMI_Handler
 .text.HardFault_Handler
                0x0800023c        0x4 build/stm32l0xx_it.o
                0x0800023c                HardFault_Handler
 .text.SVC_Handler
                0x08000240        0x4 build/stm32l0xx_it.o
                0x08000240                SVC_Handler
 .text.PendSV_Handler
                0x08000244        0x4 build/stm32l0xx_it.o
                0x08000244                PendSV_Handler
 .text.SysTick_Handler
                0x08000248        0xc build/stm32l0xx_it.o
                0x08000248                SysTick_Handler
 .text.HAL_NVIC_SetPriority
                0x08000254       0x64 build/stm32l0xx_hal_cortex.o
                0x08000254                HAL_NVIC_SetPriority
 .text.HAL_SYSTICK_Config
                0x080002b8       0x38 build/stm32l0xx_hal_cortex.o
                0x080002b8                HAL_SYSTICK_Config
 .text.HAL_SYSTICK_CLKSourceConfig
                0x080002f0       0x20 build/stm32l0xx_hal_cortex.o
                0x080002f0                HAL_SYSTICK_CLKSourceConfig
 .text.HAL_SYSTICK_Callback
                0x08000310        0x4 build/stm32l0xx_hal_cortex.o
                0x08000310                HAL_SYSTICK_Callback
 .text.HAL_SYSTICK_IRQHandler
                0x08000314        0x8 build/stm32l0xx_hal_cortex.o
                0x08000314                HAL_SYSTICK_IRQHandler
 .text.HAL_GPIO_Init
                0x0800031c      0x194 build/stm32l0xx_hal_gpio.o
                0x0800031c                HAL_GPIO_Init
 .text.HAL_GPIO_WritePin
                0x080004b0        0xc build/stm32l0xx_hal_gpio.o
                0x080004b0                HAL_GPIO_WritePin
 .text.HAL_GPIO_TogglePin
                0x080004bc        0x8 build/stm32l0xx_hal_gpio.o
                0x080004bc                HAL_GPIO_TogglePin
 .text.MX_GPIO_Init
                0x080004c4       0x40 build/main.o
 .text._Error_Handler
                0x08000504        0x4 build/main.o
                0x08000504                _Error_Handler
 .text.SystemClock_Config
                0x08000508       0x9c build/main.o
                0x08000508                SystemClock_Config
 .text.main     0x080005a4       0x24 build/main.o
                0x080005a4                main
 .text.HAL_InitTick
                0x080005c8       0x28 build/stm32l0xx_hal.o
                0x080005c8                HAL_InitTick
 .text.HAL_Init
                0x080005f0       0x20 build/stm32l0xx_hal.o
                0x080005f0                HAL_Init
 .text.HAL_IncTick
                0x08000610       0x10 build/stm32l0xx_hal.o
                0x08000610                HAL_IncTick
 .text.HAL_GetTick
                0x08000620        0xc build/stm32l0xx_hal.o
                0x08000620                HAL_GetTick
 .text.HAL_Delay
                0x0800062c       0x1c build/stm32l0xx_hal.o
                0x0800062c                HAL_Delay
 .text.RCC_SetFlashLatencyFromMSIRange
                0x08000648       0x88 build/stm32l0xx_hal_rcc.o
 .text.HAL_RCC_OscConfig
                0x080006d0      0x5b8 build/stm32l0xx_hal_rcc.o
                0x080006d0                HAL_RCC_OscConfig
 .text.HAL_RCC_GetSysClockFreq
                0x08000c88       0x94 build/stm32l0xx_hal_rcc.o
                0x08000c88                HAL_RCC_GetSysClockFreq
 .text.HAL_RCC_ClockConfig
                0x08000d1c      0x1b4 build/stm32l0xx_hal_rcc.o
                0x08000d1c                HAL_RCC_ClockConfig
 .text.HAL_RCC_GetHCLKFreq
                0x08000ed0        0xc build/stm32l0xx_hal_rcc.o
                0x08000ed0                HAL_RCC_GetHCLKFreq
 .text.SystemInit
                0x08000edc       0x5c build/system_stm32l0xx.o
                0x08000edc                SystemInit
 .text.HAL_MspInit
                0x08000f38       0x40 build/stm32l0xx_hal_msp.o
                0x08000f38                HAL_MspInit
 .text.Reset_Handler
                0x08000f78       0x50 build/startup_stm32l053xx.o
                0x08000f78                Reset_Handler
 .text.Default_Handler
                0x08000fc8        0x2 build/startup_stm32l053xx.o
                0x08000fc8                TSC_IRQHandler
                0x08000fc8                ADC1_COMP_IRQHandler
                0x08000fc8                PVD_IRQHandler
                0x08000fc8                I2C1_IRQHandler
                0x08000fc8                RCC_CRS_IRQHandler
                0x08000fc8                SPI1_IRQHandler
                0x08000fc8                TIM6_DAC_IRQHandler
                0x08000fc8                EXTI2_3_IRQHandler
                0x08000fc8                I2C2_IRQHandler
                0x08000fc8                RTC_IRQHandler
                0x08000fc8                LCD_IRQHandler
                0x08000fc8                DMA1_Channel4_5_6_7_IRQHandler
                0x08000fc8                EXTI4_15_IRQHandler
                0x08000fc8                DMA1_Channel1_IRQHandler
                0x08000fc8                Default_Handler
                0x08000fc8                TIM22_IRQHandler
                0x08000fc8                EXTI0_1_IRQHandler
                0x08000fc8                USB_IRQHandler
                0x08000fc8                SPI2_IRQHandler
                0x08000fc8                TIM21_IRQHandler
                0x08000fc8                WWDG_IRQHandler
                0x08000fc8                TIM2_IRQHandler
                0x08000fc8                DMA1_Channel2_3_IRQHandler
                0x08000fc8                USART2_IRQHandler
                0x08000fc8                FLASH_IRQHandler
                0x08000fc8                USART1_IRQHandler
                0x08000fc8                RNG_LPUART1_IRQHandler
                0x08000fc8                LPTIM1_IRQHandler
 *fill*         0x08000fca        0x2 
 .text.__libc_init_array
                0x08000fcc       0x4c /home/manojkumar/Ac6/SystemWorkbench/plugins/fr.ac6.mcu.externaltools.arm-none.linux64_1.13.1.201703061524/tools/compiler/bin/../lib/gcc/arm-none-eabi/5.4.1/../../../../arm-none-eabi/lib/armv6-m/libc_nano.a(lib_a-init.o)
                0x08000fcc                __libc_init_array
 *(.glue_7)
 .glue_7        0x08001018        0x0 linker stubs
 *(.glue_7t)
 .glue_7t       0x08001018        0x0 linker stubs
 *(.eh_frame)
 .eh_frame      0x08001018        0x0 /home/manojkumar/Ac6/SystemWorkbench/plugins/fr.ac6.mcu.externaltools.arm-none.linux64_1.13.1.201703061524/tools/compiler/bin/../lib/gcc/arm-none-eabi/5.4.1/armv6-m/crtbegin.o
 *(.init)
 .init          0x08001018        0x4 /home/manojkumar/Ac6/SystemWorkbench/plugins/fr.ac6.mcu.externaltools.arm-none.linux64_1.13.1.201703061524/tools/compiler/bin/../lib/gcc/arm-none-eabi/5.4.1/armv6-m/crti.o
                0x08001018                _init
 .init          0x0800101c        0x8 /home/manojkumar/Ac6/SystemWorkbench/plugins/fr.ac6.mcu.externaltools.arm-none.linux64_1.13.1.201703061524/tools/compiler/bin/../lib/gcc/arm-none-eabi/5.4.1/armv6-m/crtn.o
 *(.fini)
 .fini          0x08001024        0x4 /home/manojkumar/Ac6/SystemWorkbench/plugins/fr.ac6.mcu.externaltools.arm-none.linux64_1.13.1.201703061524/tools/compiler/bin/../lib/gcc/arm-none-eabi/5.4.1/armv6-m/crti.o
                0x08001024                _fini
 .fini          0x08001028        0x8 /home/manojkumar/Ac6/SystemWorkbench/plugins/fr.ac6.mcu.externaltools.arm-none.linux64_1.13.1.201703061524/tools/compiler/bin/../lib/gcc/arm-none-eabi/5.4.1/armv6-m/crtn.o
                0x08001030                . = ALIGN (0x4)
                0x08001030                _etext = .

.vfp11_veneer   0x08001030        0x0
 .vfp11_veneer  0x08001030        0x0 linker stubs

.v4_bx          0x08001030        0x0
 .v4_bx         0x08001030        0x0 linker stubs

.iplt           0x08001030        0x0
 .iplt          0x08001030        0x0 /home/manojkumar/Ac6/SystemWorkbench/plugins/fr.ac6.mcu.externaltools.arm-none.linux64_1.13.1.201703061524/tools/compiler/bin/../lib/gcc/arm-none-eabi/5.4.1/armv6-m/crtbegin.o

.rodata         0x08001030       0x28
                0x08001030                . = ALIGN (0x4)
 *(.rodata)
 *(.rodata*)
 .rodata.str1.4
                0x08001030        0xc build/main.o
                                  0xb (size before relaxing)
 .rodata.AHBPrescTable
                0x0800103c       0x10 build/system_stm32l0xx.o
                0x0800103c                AHBPrescTable
 .rodata.PLLMulTable
                0x0800104c        0x9 build/system_stm32l0xx.o
                0x0800104c                PLLMulTable
                0x08001058                . = ALIGN (0x4)
 *fill*         0x08001055        0x3 

.rel.dyn        0x08001058        0x0
 .rel.iplt      0x08001058        0x0 /home/manojkumar/Ac6/SystemWorkbench/plugins/fr.ac6.mcu.externaltools.arm-none.linux64_1.13.1.201703061524/tools/compiler/bin/../lib/gcc/arm-none-eabi/5.4.1/armv6-m/crtbegin.o

.ARM.extab
 *(.ARM.extab* .gnu.linkonce.armextab.*)

.ARM            0x08001058        0x0
                0x08001058                __exidx_start = .
 *(.ARM.exidx*)
                0x08001058                __exidx_end = .

.preinit_array  0x08001058        0x0
                0x08001058                PROVIDE (__preinit_array_start, .)
 *(.preinit_array*)
                0x08001058                PROVIDE (__preinit_array_end, .)

.init_array     0x08001058        0x4
                0x08001058                PROVIDE (__init_array_start, .)
 *(SORT(.init_array.*))
 *(.init_array*)
 .init_array    0x08001058        0x4 /home/manojkumar/Ac6/SystemWorkbench/plugins/fr.ac6.mcu.externaltools.arm-none.linux64_1.13.1.201703061524/tools/compiler/bin/../lib/gcc/arm-none-eabi/5.4.1/armv6-m/crtbegin.o
                0x0800105c                PROVIDE (__init_array_end, .)

.fini_array     0x0800105c        0x4
                [!provide]                PROVIDE (__fini_array_start, .)
 *(SORT(.fini_array.*))
 *(.fini_array*)
 .fini_array    0x0800105c        0x4 /home/manojkumar/Ac6/SystemWorkbench/plugins/fr.ac6.mcu.externaltools.arm-none.linux64_1.13.1.201703061524/tools/compiler/bin/../lib/gcc/arm-none-eabi/5.4.1/armv6-m/crtbegin.o
                [!provide]                PROVIDE (__fini_array_end, .)
                0x08001060                _sidata = LOADADDR (.data)

.data           0x20000000        0x4 load address 0x08001060
                0x20000000                . = ALIGN (0x4)
                0x20000000                _sdata = .
 *(.data)
 *(.data*)
 .data.SystemCoreClock
                0x20000000        0x4 build/system_stm32l0xx.o
                0x20000000                SystemCoreClock
                0x20000004                . = ALIGN (0x4)
                0x20000004                _edata = .

.jcr            0x20000004        0x0 load address 0x08001064
 .jcr           0x20000004        0x0 /home/manojkumar/Ac6/SystemWorkbench/plugins/fr.ac6.mcu.externaltools.arm-none.linux64_1.13.1.201703061524/tools/compiler/bin/../lib/gcc/arm-none-eabi/5.4.1/armv6-m/crtbegin.o

.igot.plt       0x20000004        0x0 load address 0x08001064
 .igot.plt      0x20000004        0x0 /home/manojkumar/Ac6/SystemWorkbench/plugins/fr.ac6.mcu.externaltools.arm-none.linux64_1.13.1.201703061524/tools/compiler/bin/../lib/gcc/arm-none-eabi/5.4.1/armv6-m/crtbegin.o
                0x20000004                . = ALIGN (0x4)

.bss            0x20000004       0x20 load address 0x08001064
                0x20000004                _sbss = .
                0x20000004                __bss_start__ = _sbss
 *(.bss)
 .bss           0x20000004       0x1c /home/manojkumar/Ac6/SystemWorkbench/plugins/fr.ac6.mcu.externaltools.arm-none.linux64_1.13.1.201703061524/tools/compiler/bin/../lib/gcc/arm-none-eabi/5.4.1/armv6-m/crtbegin.o
 *(.bss*)
 *(COMMON)
 COMMON         0x20000020        0x4 build/stm32l0xx_hal.o
                0x20000020                uwTick
                0x20000024                . = ALIGN (0x4)
                0x20000024                _ebss = .
                0x20000024                __bss_end__ = _ebss

._user_heap_stack
                0x20000024      0x604 load address 0x08001064
                0x20000028                . = ALIGN (0x8)
 *fill*         0x20000024        0x4 
                [!provide]                PROVIDE (end, .)
                [!provide]                PROVIDE (_end, .)
                0x20000228                . = (. + _Min_Heap_Size)
 *fill*         0x20000028      0x200 
                0x20000628                . = (. + _Min_Stack_Size)
 *fill*         0x20000228      0x400 
                0x20000628                . = ALIGN (0x8)

/DISCARD/
 libc.a(*)
 libm.a(*)
 libgcc.a(*)

.ARM.attributes
                0x00000000       0x28
 *(.ARM.attributes)
 .ARM.attributes
                0x00000000       0x1e /home/manojkumar/Ac6/SystemWorkbench/plugins/fr.ac6.mcu.externaltools.arm-none.linux64_1.13.1.201703061524/tools/compiler/bin/../lib/gcc/arm-none-eabi/5.4.1/armv6-m/crti.o
 .ARM.attributes
                0x0000001e       0x2c /home/manojkumar/Ac6/SystemWorkbench/plugins/fr.ac6.mcu.externaltools.arm-none.linux64_1.13.1.201703061524/tools/compiler/bin/../lib/gcc/arm-none-eabi/5.4.1/armv6-m/crtbegin.o
 .ARM.attributes
                0x0000004a       0x32 build/stm32l0xx_it.o
 .ARM.attributes
                0x0000007c       0x32 build/stm32l0xx_hal_cortex.o
 .ARM.attributes
                0x000000ae       0x32 build/stm32l0xx_hal_gpio.o
 .ARM.attributes
                0x000000e0       0x32 build/main.o
 .ARM.attributes
                0x00000112       0x32 build/stm32l0xx_hal.o
 .ARM.attributes
                0x00000144       0x32 build/stm32l0xx_hal_rcc.o
 .ARM.attributes
                0x00000176       0x32 build/system_stm32l0xx.o
 .ARM.attributes
                0x000001a8       0x32 build/stm32l0xx_hal_msp.o
 .ARM.attributes
                0x000001da       0x22 build/startup_stm32l053xx.o
 .ARM.attributes
                0x000001fc       0x2c /home/manojkumar/Ac6/SystemWorkbench/plugins/fr.ac6.mcu.externaltools.arm-none.linux64_1.13.1.201703061524/tools/compiler/bin/../lib/gcc/arm-none-eabi/5.4.1/../../../../arm-none-eabi/lib/armv6-m/libc_nano.a(lib_a-init.o)
 .ARM.attributes
                0x00000228       0x1e /home/manojkumar/Ac6/SystemWorkbench/plugins/fr.ac6.mcu.externaltools.arm-none.linux64_1.13.1.201703061524/tools/compiler/bin/../lib/gcc/arm-none-eabi/5.4.1/armv6-m/libgcc.a(_udivsi3.o)
 .ARM.attributes
                0x00000246       0x1e /home/manojkumar/Ac6/SystemWorkbench/plugins/fr.ac6.mcu.externaltools.arm-none.linux64_1.13.1.201703061524/tools/compiler/bin/../lib/gcc/arm-none-eabi/5.4.1/armv6-m/libgcc.a(_dvmd_tls.o)
 .ARM.attributes
                0x00000264       0x1e /home/manojkumar/Ac6/SystemWorkbench/plugins/fr.ac6.mcu.externaltools.arm-none.linux64_1.13.1.201703061524/tools/compiler/bin/../lib/gcc/arm-none-eabi/5.4.1/armv6-m/crtn.o
OUTPUT(build/Nucleo-First.elf elf32-littlearm)

.debug_info     0x00000000     0x3546
 .debug_info    0x00000000      0x123 build/stm32l0xx_it.o
 .debug_info    0x00000123      0x935 build/stm32l0xx_hal_cortex.o
 .debug_info    0x00000a58      0x6c9 build/stm32l0xx_hal_gpio.o
 .debug_info    0x00001121      0x85b build/main.o
 .debug_info    0x0000197c      0x80e build/stm32l0xx_hal.o
 .debug_info    0x0000218a      0xc55 build/stm32l0xx_hal_rcc.o
 .debug_info    0x00002ddf      0x3c4 build/system_stm32l0xx.o
 .debug_info    0x000031a3      0x33c build/stm32l0xx_hal_msp.o
 .debug_info    0x000034df       0x67 build/startup_stm32l053xx.o

.debug_abbrev   0x00000000      0xd33
 .debug_abbrev  0x00000000       0x96 build/stm32l0xx_it.o
 .debug_abbrev  0x00000096      0x279 build/stm32l0xx_hal_cortex.o
 .debug_abbrev  0x0000030f      0x200 build/stm32l0xx_hal_gpio.o
 .debug_abbrev  0x0000050f      0x1b7 build/main.o
 .debug_abbrev  0x000006c6      0x223 build/stm32l0xx_hal.o
 .debug_abbrev  0x000008e9      0x25d build/stm32l0xx_hal_rcc.o
 .debug_abbrev  0x00000b46       0xf2 build/system_stm32l0xx.o
 .debug_abbrev  0x00000c38       0xe9 build/stm32l0xx_hal_msp.o
 .debug_abbrev  0x00000d21       0x12 build/startup_stm32l053xx.o

.debug_loc      0x00000000     0x128c
 .debug_loc     0x00000000       0x20 build/stm32l0xx_it.o
 .debug_loc     0x00000020      0x3fb build/stm32l0xx_hal_cortex.o
 .debug_loc     0x0000041b      0x31c build/stm32l0xx_hal_gpio.o
 .debug_loc     0x00000737       0x79 build/main.o
 .debug_loc     0x000007b0      0x138 build/stm32l0xx_hal.o
 .debug_loc     0x000008e8      0x7ff build/stm32l0xx_hal_rcc.o
 .debug_loc     0x000010e7      0x185 build/system_stm32l0xx.o
 .debug_loc     0x0000126c       0x20 build/stm32l0xx_hal_msp.o

.debug_aranges  0x00000000      0x328
 .debug_aranges
                0x00000000       0x40 build/stm32l0xx_it.o
 .debug_aranges
                0x00000040       0x80 build/stm32l0xx_hal_cortex.o
 .debug_aranges
                0x000000c0       0x58 build/stm32l0xx_hal_gpio.o
 .debug_aranges
                0x00000118       0x38 build/main.o
 .debug_aranges
                0x00000150       0xe0 build/stm32l0xx_hal.o
 .debug_aranges
                0x00000230       0x88 build/stm32l0xx_hal_rcc.o
 .debug_aranges
                0x000002b8       0x28 build/system_stm32l0xx.o
 .debug_aranges
                0x000002e0       0x20 build/stm32l0xx_hal_msp.o
 .debug_aranges
                0x00000300       0x28 build/startup_stm32l053xx.o

.debug_ranges   0x00000000      0x2b8
 .debug_ranges  0x00000000       0x30 build/stm32l0xx_it.o
 .debug_ranges  0x00000030       0x70 build/stm32l0xx_hal_cortex.o
 .debug_ranges  0x000000a0       0x48 build/stm32l0xx_hal_gpio.o
 .debug_ranges  0x000000e8       0x28 build/main.o
 .debug_ranges  0x00000110       0xd0 build/stm32l0xx_hal.o
 .debug_ranges  0x000001e0       0x90 build/stm32l0xx_hal_rcc.o
 .debug_ranges  0x00000270       0x18 build/system_stm32l0xx.o
 .debug_ranges  0x00000288       0x10 build/stm32l0xx_hal_msp.o
 .debug_ranges  0x00000298       0x20 build/startup_stm32l053xx.o

.debug_line     0x00000000     0x1948
 .debug_line    0x00000000       0xd6 build/stm32l0xx_it.o
 .debug_line    0x000000d6      0x3d2 build/stm32l0xx_hal_cortex.o
 .debug_line    0x000004a8      0x384 build/stm32l0xx_hal_gpio.o
 .debug_line    0x0000082c      0x2b6 build/main.o
 .debug_line    0x00000ae2      0x43b build/stm32l0xx_hal.o
 .debug_line    0x00000f1d      0x57d build/stm32l0xx_hal_rcc.o
 .debug_line    0x0000149a      0x226 build/system_stm32l0xx.o
 .debug_line    0x000016c0      0x210 build/stm32l0xx_hal_msp.o
 .debug_line    0x000018d0       0x78 build/startup_stm32l053xx.o

.debug_str      0x00000000     0x1042
 .debug_str     0x00000000      0x1ab build/stm32l0xx_it.o
                                0x1e4 (size before relaxing)
 .debug_str     0x000001ab      0x4a0 build/stm32l0xx_hal_cortex.o
                                0x6d1 (size before relaxing)
 .debug_str     0x0000064b      0x2a7 build/stm32l0xx_hal_gpio.o
                                0x447 (size before relaxing)
 .debug_str     0x000008f2      0x22e build/main.o
                                0x6d3 (size before relaxing)
 .debug_str     0x00000b20      0x2dc build/stm32l0xx_hal.o
                                0x757 (size before relaxing)
 .debug_str     0x00000dfc      0x1d5 build/stm32l0xx_hal_rcc.o
                                0x6e8 (size before relaxing)
 .debug_str     0x00000fd1       0x59 build/system_stm32l0xx.o
                                0x2e3 (size before relaxing)
 .debug_str     0x0000102a       0x18 build/stm32l0xx_hal_msp.o
                                0x3e1 (size before relaxing)

.comment        0x00000000       0x6e
 .comment       0x00000000       0x6e build/stm32l0xx_it.o
                                 0x6f (size before relaxing)
 .comment       0x0000006e       0x6f build/stm32l0xx_hal_cortex.o
 .comment       0x0000006e       0x6f build/stm32l0xx_hal_gpio.o
 .comment       0x0000006e       0x6f build/main.o
 .comment       0x0000006e       0x6f build/stm32l0xx_hal.o
 .comment       0x0000006e       0x6f build/stm32l0xx_hal_rcc.o
 .comment       0x0000006e       0x6f build/system_stm32l0xx.o
 .comment       0x0000006e       0x6f build/stm32l0xx_hal_msp.o

.debug_frame    0x00000000      0x6c0
 .debug_frame   0x00000000       0x6c build/stm32l0xx_it.o
 .debug_frame   0x0000006c      0x108 build/stm32l0xx_hal_cortex.o
 .debug_frame   0x00000174       0xdc build/stm32l0xx_hal_gpio.o
 .debug_frame   0x00000250       0x78 build/main.o
 .debug_frame   0x000002c8      0x1d0 build/stm32l0xx_hal.o
 .debug_frame   0x00000498      0x174 build/stm32l0xx_hal_rcc.o
 .debug_frame   0x0000060c       0x3c build/system_stm32l0xx.o
 .debug_frame   0x00000648       0x2c build/stm32l0xx_hal_msp.o
 .debug_frame   0x00000674       0x2c /home/manojkumar/Ac6/SystemWorkbench/plugins/fr.ac6.mcu.externaltools.arm-none.linux64_1.13.1.201703061524/tools/compiler/bin/../lib/gcc/arm-none-eabi/5.4.1/../../../../arm-none-eabi/lib/armv6-m/libc_nano.a(lib_a-init.o)
 .debug_frame   0x000006a0       0x20 /home/manojkumar/Ac6/SystemWorkbench/plugins/fr.ac6.mcu.externaltools.arm-none.linux64_1.13.1.201703061524/tools/compiler/bin/../lib/gcc/arm-none-eabi/5.4.1/armv6-m/libgcc.a(_udivsi3.o)

Cross Reference Table

Symbol                                            File
ADC1_COMP_IRQHandler                              build/startup_stm32l053xx.o
AHBPrescTable                                     build/system_stm32l0xx.o
                                                  build/stm32l0xx_hal_rcc.o
APBPrescTable                                     build/system_stm32l0xx.o
                                                  build/stm32l0xx_hal_rcc.o
DMA1_Channel1_IRQHandler                          build/startup_stm32l053xx.o
DMA1_Channel2_3_IRQHandler                        build/startup_stm32l053xx.o
DMA1_Channel4_5_6_7_IRQHandler                    build/startup_stm32l053xx.o
Default_Handler                                   build/startup_stm32l053xx.o
EXTI0_1_IRQHandler                                build/startup_stm32l053xx.o
EXTI2_3_IRQHandler                                build/startup_stm32l053xx.o
EXTI4_15_IRQHandler                               build/startup_stm32l053xx.o
FLASH_IRQHandler                                  build/startup_stm32l053xx.o
FLASH_PageErase                                   build/stm32l0xx_hal_flash_ex.o
                                                  build/stm32l0xx_hal_flash.o
FLASH_WaitForLastOperation                        build/stm32l0xx_hal_flash.o
                                                  build/stm32l0xx_hal_flash_ex.o
HAL_DBGMCU_DBG_DisableLowPowerConfig              build/stm32l0xx_hal.o
HAL_DBGMCU_DBG_EnableLowPowerConfig               build/stm32l0xx_hal.o
HAL_DBGMCU_DisableDBGSleepMode                    build/stm32l0xx_hal.o
HAL_DBGMCU_DisableDBGStandbyMode                  build/stm32l0xx_hal.o
HAL_DBGMCU_DisableDBGStopMode                     build/stm32l0xx_hal.o
HAL_DBGMCU_EnableDBGSleepMode                     build/stm32l0xx_hal.o
HAL_DBGMCU_EnableDBGStandbyMode                   build/stm32l0xx_hal.o
HAL_DBGMCU_EnableDBGStopMode                      build/stm32l0xx_hal.o
HAL_DMA_Abort                                     build/stm32l0xx_hal_dma.o
HAL_DMA_Abort_IT                                  build/stm32l0xx_hal_dma.o
                                                  build/stm32l0xx_hal_i2c.o
HAL_DMA_DeInit                                    build/stm32l0xx_hal_dma.o
HAL_DMA_GetError                                  build/stm32l0xx_hal_dma.o
HAL_DMA_GetState                                  build/stm32l0xx_hal_dma.o
HAL_DMA_IRQHandler                                build/stm32l0xx_hal_dma.o
HAL_DMA_Init                                      build/stm32l0xx_hal_dma.o
HAL_DMA_PollForTransfer                           build/stm32l0xx_hal_dma.o
HAL_DMA_Start                                     build/stm32l0xx_hal_dma.o
HAL_DMA_Start_IT                                  build/stm32l0xx_hal_dma.o
                                                  build/stm32l0xx_hal_i2c.o
HAL_DeInit                                        build/stm32l0xx_hal.o
HAL_Delay                                         build/stm32l0xx_hal.o
                                                  build/main.o
HAL_FLASHEx_AdvOBGetConfig                        build/stm32l0xx_hal_flash_ex.o
HAL_FLASHEx_AdvOBProgram                          build/stm32l0xx_hal_flash_ex.o
HAL_FLASHEx_DATAEEPROM_DisableFixedTimeProgram    build/stm32l0xx_hal_flash_ex.o
HAL_FLASHEx_DATAEEPROM_EnableFixedTimeProgram     build/stm32l0xx_hal_flash_ex.o
HAL_FLASHEx_DATAEEPROM_Erase                      build/stm32l0xx_hal_flash_ex.o
HAL_FLASHEx_DATAEEPROM_Lock                       build/stm32l0xx_hal_flash_ex.o
HAL_FLASHEx_DATAEEPROM_Program                    build/stm32l0xx_hal_flash_ex.o
HAL_FLASHEx_DATAEEPROM_Unlock                     build/stm32l0xx_hal_flash_ex.o
HAL_FLASHEx_DisableRunPowerDown                   build/stm32l0xx_hal_flash_ramfunc.o
HAL_FLASHEx_EnableRunPowerDown                    build/stm32l0xx_hal_flash_ramfunc.o
HAL_FLASHEx_Erase                                 build/stm32l0xx_hal_flash_ex.o
HAL_FLASHEx_Erase_IT                              build/stm32l0xx_hal_flash_ex.o
HAL_FLASHEx_GetError                              build/stm32l0xx_hal_flash_ramfunc.o
HAL_FLASHEx_HalfPageProgram                       build/stm32l0xx_hal_flash_ramfunc.o
HAL_FLASHEx_OBGetConfig                           build/stm32l0xx_hal_flash_ex.o
HAL_FLASHEx_OBProgram                             build/stm32l0xx_hal_flash_ex.o
HAL_FLASHEx_OB_DeSelectPCROP                      build/stm32l0xx_hal_flash_ex.o
HAL_FLASHEx_OB_SelectPCROP                        build/stm32l0xx_hal_flash_ex.o
HAL_FLASH_EndOfOperationCallback                  build/stm32l0xx_hal_flash.o
HAL_FLASH_GetError                                build/stm32l0xx_hal_flash.o
HAL_FLASH_IRQHandler                              build/stm32l0xx_hal_flash.o
HAL_FLASH_Lock                                    build/stm32l0xx_hal_flash.o
HAL_FLASH_OB_Launch                               build/stm32l0xx_hal_flash.o
HAL_FLASH_OB_Lock                                 build/stm32l0xx_hal_flash.o
HAL_FLASH_OB_Unlock                               build/stm32l0xx_hal_flash.o
HAL_FLASH_OperationErrorCallback                  build/stm32l0xx_hal_flash.o
HAL_FLASH_Program                                 build/stm32l0xx_hal_flash.o
HAL_FLASH_Program_IT                              build/stm32l0xx_hal_flash.o
HAL_FLASH_Unlock                                  build/stm32l0xx_hal_flash.o
HAL_GPIO_DeInit                                   build/stm32l0xx_hal_gpio.o
HAL_GPIO_EXTI_Callback                            build/stm32l0xx_hal_gpio.o
HAL_GPIO_EXTI_IRQHandler                          build/stm32l0xx_hal_gpio.o
HAL_GPIO_Init                                     build/stm32l0xx_hal_gpio.o
                                                  build/stm32l0xx_hal_rcc.o
                                                  build/main.o
HAL_GPIO_LockPin                                  build/stm32l0xx_hal_gpio.o
HAL_GPIO_ReadPin                                  build/stm32l0xx_hal_gpio.o
HAL_GPIO_TogglePin                                build/stm32l0xx_hal_gpio.o
                                                  build/main.o
HAL_GPIO_WritePin                                 build/stm32l0xx_hal_gpio.o
                                                  build/main.o
HAL_GetDEVID                                      build/stm32l0xx_hal.o
HAL_GetHalVersion                                 build/stm32l0xx_hal.o
HAL_GetREVID                                      build/stm32l0xx_hal.o
HAL_GetTick                                       build/stm32l0xx_hal.o
                                                  build/stm32l0xx_hal_dma.o
                                                  build/stm32l0xx_hal_rcc_ex.o
                                                  build/stm32l0xx_hal_rcc.o
                                                  build/stm32l0xx_hal_i2c.o
                                                  build/stm32l0xx_hal_flash.o
HAL_I2CEx_ConfigAnalogFilter                      build/stm32l0xx_hal_i2c_ex.o
HAL_I2CEx_ConfigDigitalFilter                     build/stm32l0xx_hal_i2c_ex.o
HAL_I2CEx_DisableFastModePlus                     build/stm32l0xx_hal_i2c_ex.o
HAL_I2CEx_DisableWakeUp                           build/stm32l0xx_hal_i2c_ex.o
HAL_I2CEx_EnableFastModePlus                      build/stm32l0xx_hal_i2c_ex.o
HAL_I2CEx_EnableWakeUp                            build/stm32l0xx_hal_i2c_ex.o
HAL_I2C_AbortCpltCallback                         build/stm32l0xx_hal_i2c.o
HAL_I2C_AddrCallback                              build/stm32l0xx_hal_i2c.o
HAL_I2C_DeInit                                    build/stm32l0xx_hal_i2c.o
HAL_I2C_DisableListen_IT                          build/stm32l0xx_hal_i2c.o
HAL_I2C_ER_IRQHandler                             build/stm32l0xx_hal_i2c.o
HAL_I2C_EV_IRQHandler                             build/stm32l0xx_hal_i2c.o
HAL_I2C_EnableListen_IT                           build/stm32l0xx_hal_i2c.o
HAL_I2C_ErrorCallback                             build/stm32l0xx_hal_i2c.o
HAL_I2C_GetError                                  build/stm32l0xx_hal_i2c.o
HAL_I2C_GetMode                                   build/stm32l0xx_hal_i2c.o
HAL_I2C_GetState                                  build/stm32l0xx_hal_i2c.o
HAL_I2C_Init                                      build/stm32l0xx_hal_i2c.o
HAL_I2C_IsDeviceReady                             build/stm32l0xx_hal_i2c.o
HAL_I2C_ListenCpltCallback                        build/stm32l0xx_hal_i2c.o
HAL_I2C_MasterRxCpltCallback                      build/stm32l0xx_hal_i2c.o
HAL_I2C_MasterTxCpltCallback                      build/stm32l0xx_hal_i2c.o
HAL_I2C_Master_Abort_IT                           build/stm32l0xx_hal_i2c.o
HAL_I2C_Master_Receive                            build/stm32l0xx_hal_i2c.o
HAL_I2C_Master_Receive_DMA                        build/stm32l0xx_hal_i2c.o
HAL_I2C_Master_Receive_IT                         build/stm32l0xx_hal_i2c.o
HAL_I2C_Master_Sequential_Receive_IT              build/stm32l0xx_hal_i2c.o
HAL_I2C_Master_Sequential_Transmit_IT             build/stm32l0xx_hal_i2c.o
HAL_I2C_Master_Transmit                           build/stm32l0xx_hal_i2c.o
HAL_I2C_Master_Transmit_DMA                       build/stm32l0xx_hal_i2c.o
HAL_I2C_Master_Transmit_IT                        build/stm32l0xx_hal_i2c.o
HAL_I2C_MemRxCpltCallback                         build/stm32l0xx_hal_i2c.o
HAL_I2C_MemTxCpltCallback                         build/stm32l0xx_hal_i2c.o
HAL_I2C_Mem_Read                                  build/stm32l0xx_hal_i2c.o
HAL_I2C_Mem_Read_DMA                              build/stm32l0xx_hal_i2c.o
HAL_I2C_Mem_Read_IT                               build/stm32l0xx_hal_i2c.o
HAL_I2C_Mem_Write                                 build/stm32l0xx_hal_i2c.o
HAL_I2C_Mem_Write_DMA                             build/stm32l0xx_hal_i2c.o
HAL_I2C_Mem_Write_IT                              build/stm32l0xx_hal_i2c.o
HAL_I2C_MspDeInit                                 build/stm32l0xx_hal_i2c.o
HAL_I2C_MspInit                                   build/stm32l0xx_hal_i2c.o
HAL_I2C_SlaveRxCpltCallback                       build/stm32l0xx_hal_i2c.o
HAL_I2C_SlaveTxCpltCallback                       build/stm32l0xx_hal_i2c.o
HAL_I2C_Slave_Receive                             build/stm32l0xx_hal_i2c.o
HAL_I2C_Slave_Receive_DMA                         build/stm32l0xx_hal_i2c.o
HAL_I2C_Slave_Receive_IT                          build/stm32l0xx_hal_i2c.o
HAL_I2C_Slave_Sequential_Receive_IT               build/stm32l0xx_hal_i2c.o
HAL_I2C_Slave_Sequential_Transmit_IT              build/stm32l0xx_hal_i2c.o
HAL_I2C_Slave_Transmit                            build/stm32l0xx_hal_i2c.o
HAL_I2C_Slave_Transmit_DMA                        build/stm32l0xx_hal_i2c.o
HAL_I2C_Slave_Transmit_IT                         build/stm32l0xx_hal_i2c.o
HAL_IncTick                                       build/stm32l0xx_hal.o
                                                  build/stm32l0xx_it.o
HAL_Init                                          build/stm32l0xx_hal.o
                                                  build/main.o
HAL_InitTick                                      build/stm32l0xx_hal.o
                                                  build/stm32l0xx_hal_rcc.o
HAL_MPU_ConfigRegion                              build/stm32l0xx_hal_cortex.o
HAL_MspDeInit                                     build/stm32l0xx_hal.o
HAL_MspInit                                       build/stm32l0xx_hal_msp.o
                                                  build/stm32l0xx_hal.o
HAL_NVIC_ClearPendingIRQ                          build/stm32l0xx_hal_cortex.o
HAL_NVIC_DisableIRQ                               build/stm32l0xx_hal_cortex.o
HAL_NVIC_EnableIRQ                                build/stm32l0xx_hal_cortex.o
HAL_NVIC_GetPendingIRQ                            build/stm32l0xx_hal_cortex.o
HAL_NVIC_GetPriority                              build/stm32l0xx_hal_cortex.o
HAL_NVIC_SetPendingIRQ                            build/stm32l0xx_hal_cortex.o
HAL_NVIC_SetPriority                              build/stm32l0xx_hal_cortex.o
                                                  build/stm32l0xx_hal_msp.o
                                                  build/stm32l0xx_hal.o
                                                  build/main.o
HAL_NVIC_SystemReset                              build/stm32l0xx_hal_cortex.o
HAL_PWREx_DisableFastWakeUp                       build/stm32l0xx_hal_pwr_ex.o
HAL_PWREx_DisableLowPowerRunMode                  build/stm32l0xx_hal_pwr_ex.o
HAL_PWREx_DisableUltraLowPower                    build/stm32l0xx_hal_pwr_ex.o
HAL_PWREx_EnableFastWakeUp                        build/stm32l0xx_hal_pwr_ex.o
HAL_PWREx_EnableLowPowerRunMode                   build/stm32l0xx_hal_pwr_ex.o
HAL_PWREx_EnableUltraLowPower                     build/stm32l0xx_hal_pwr_ex.o
HAL_PWREx_GetVoltageRange                         build/stm32l0xx_hal_pwr_ex.o
HAL_PWR_ConfigPVD                                 build/stm32l0xx_hal_pwr.o
HAL_PWR_DeInit                                    build/stm32l0xx_hal_pwr.o
HAL_PWR_DisableBkUpAccess                         build/stm32l0xx_hal_pwr.o
HAL_PWR_DisablePVD                                build/stm32l0xx_hal_pwr.o
HAL_PWR_DisableSEVOnPend                          build/stm32l0xx_hal_pwr.o
HAL_PWR_DisableSleepOnExit                        build/stm32l0xx_hal_pwr.o
HAL_PWR_DisableWakeUpPin                          build/stm32l0xx_hal_pwr.o
HAL_PWR_EnableBkUpAccess                          build/stm32l0xx_hal_pwr.o
HAL_PWR_EnablePVD                                 build/stm32l0xx_hal_pwr.o
HAL_PWR_EnableSEVOnPend                           build/stm32l0xx_hal_pwr.o
HAL_PWR_EnableSleepOnExit                         build/stm32l0xx_hal_pwr.o
HAL_PWR_EnableWakeUpPin                           build/stm32l0xx_hal_pwr.o
HAL_PWR_EnterSLEEPMode                            build/stm32l0xx_hal_pwr.o
HAL_PWR_EnterSTANDBYMode                          build/stm32l0xx_hal_pwr.o
HAL_PWR_EnterSTOPMode                             build/stm32l0xx_hal_pwr.o
HAL_PWR_PVDCallback                               build/stm32l0xx_hal_pwr.o
HAL_PWR_PVD_IRQHandler                            build/stm32l0xx_hal_pwr.o
HAL_RCCEx_CRSConfig                               build/stm32l0xx_hal_rcc_ex.o
HAL_RCCEx_CRSGetSynchronizationInfo               build/stm32l0xx_hal_rcc_ex.o
HAL_RCCEx_CRSSoftwareSynchronizationGenerate      build/stm32l0xx_hal_rcc_ex.o
HAL_RCCEx_CRSWaitSynchronization                  build/stm32l0xx_hal_rcc_ex.o
HAL_RCCEx_CRS_ErrorCallback                       build/stm32l0xx_hal_rcc_ex.o
HAL_RCCEx_CRS_ExpectedSyncCallback                build/stm32l0xx_hal_rcc_ex.o
HAL_RCCEx_CRS_IRQHandler                          build/stm32l0xx_hal_rcc_ex.o
HAL_RCCEx_CRS_SyncOkCallback                      build/stm32l0xx_hal_rcc_ex.o
HAL_RCCEx_CRS_SyncWarnCallback                    build/stm32l0xx_hal_rcc_ex.o
HAL_RCCEx_DisableHSI48_VREFINT                    build/stm32l0xx_hal_rcc_ex.o
HAL_RCCEx_DisableLSECSS                           build/stm32l0xx_hal_rcc_ex.o
HAL_RCCEx_EnableHSI48_VREFINT                     build/stm32l0xx_hal_rcc_ex.o
HAL_RCCEx_EnableLSECSS                            build/stm32l0xx_hal_rcc_ex.o
HAL_RCCEx_EnableLSECSS_IT                         build/stm32l0xx_hal_rcc_ex.o
HAL_RCCEx_GetPeriphCLKConfig                      build/stm32l0xx_hal_rcc_ex.o
HAL_RCCEx_GetPeriphCLKFreq                        build/stm32l0xx_hal_rcc_ex.o
HAL_RCCEx_LSECSS_Callback                         build/stm32l0xx_hal_rcc_ex.o
HAL_RCCEx_LSECSS_IRQHandler                       build/stm32l0xx_hal_rcc_ex.o
HAL_RCCEx_PeriphCLKConfig                         build/stm32l0xx_hal_rcc_ex.o
HAL_RCC_CSSCallback                               build/stm32l0xx_hal_rcc.o
HAL_RCC_ClockConfig                               build/stm32l0xx_hal_rcc.o
                                                  build/main.o
HAL_RCC_DeInit                                    build/stm32l0xx_hal_rcc.o
HAL_RCC_EnableCSS                                 build/stm32l0xx_hal_rcc.o
HAL_RCC_GetClockConfig                            build/stm32l0xx_hal_rcc.o
HAL_RCC_GetHCLKFreq                               build/stm32l0xx_hal_rcc.o
                                                  build/main.o
HAL_RCC_GetOscConfig                              build/stm32l0xx_hal_rcc.o
HAL_RCC_GetPCLK1Freq                              build/stm32l0xx_hal_rcc.o
                                                  build/stm32l0xx_hal_rcc_ex.o
HAL_RCC_GetPCLK2Freq                              build/stm32l0xx_hal_rcc.o
                                                  build/stm32l0xx_hal_rcc_ex.o
HAL_RCC_GetSysClockFreq                           build/stm32l0xx_hal_rcc.o
                                                  build/stm32l0xx_hal_rcc_ex.o
HAL_RCC_MCOConfig                                 build/stm32l0xx_hal_rcc.o
HAL_RCC_NMI_IRQHandler                            build/stm32l0xx_hal_rcc.o
HAL_RCC_OscConfig                                 build/stm32l0xx_hal_rcc.o
                                                  build/main.o
HAL_ResumeTick                                    build/stm32l0xx_hal.o
HAL_SYSCFG_Disable_Lock_VREFINT                   build/stm32l0xx_hal.o
HAL_SYSCFG_Enable_Lock_VREFINT                    build/stm32l0xx_hal.o
HAL_SYSCFG_GetBootMode                            build/stm32l0xx_hal.o
HAL_SYSCFG_VREFINT_OutputSelect                   build/stm32l0xx_hal.o
HAL_SYSTICK_CLKSourceConfig                       build/stm32l0xx_hal_cortex.o
                                                  build/main.o
HAL_SYSTICK_Callback                              build/stm32l0xx_hal_cortex.o
HAL_SYSTICK_Config                                build/stm32l0xx_hal_cortex.o
                                                  build/stm32l0xx_hal.o
                                                  build/main.o
HAL_SYSTICK_IRQHandler                            build/stm32l0xx_hal_cortex.o
                                                  build/stm32l0xx_it.o
HAL_SuspendTick                                   build/stm32l0xx_hal.o
HardFault_Handler                                 build/stm32l0xx_it.o
I2C1_IRQHandler                                   build/startup_stm32l053xx.o
I2C2_IRQHandler                                   build/startup_stm32l053xx.o
LCD_IRQHandler                                    build/startup_stm32l053xx.o
LPTIM1_IRQHandler                                 build/startup_stm32l053xx.o
NMI_Handler                                       build/stm32l0xx_it.o
PLLMulTable                                       build/system_stm32l0xx.o
                                                  build/stm32l0xx_hal_rcc_ex.o
                                                  build/stm32l0xx_hal_rcc.o
PVD_IRQHandler                                    build/startup_stm32l053xx.o
PendSV_Handler                                    build/stm32l0xx_it.o
RCC_CRS_IRQHandler                                build/startup_stm32l053xx.o
RNG_LPUART1_IRQHandler                            build/startup_stm32l053xx.o
RTC_IRQHandler                                    build/startup_stm32l053xx.o
Reset_Handler                                     build/startup_stm32l053xx.o
SPI1_IRQHandler                                   build/startup_stm32l053xx.o
SPI2_IRQHandler                                   build/startup_stm32l053xx.o
SVC_Handler                                       build/stm32l0xx_it.o
SysTick_Handler                                   build/stm32l0xx_it.o
SystemClock_Config                                build/main.o
SystemCoreClock                                   build/system_stm32l0xx.o
                                                  build/stm32l0xx_hal_rcc.o
                                                  build/stm32l0xx_hal_pwr_ex.o
                                                  build/stm32l0xx_hal.o
SystemCoreClockUpdate                             build/system_stm32l0xx.o
SystemInit                                        build/system_stm32l0xx.o
                                                  build/startup_stm32l053xx.o
TIM21_IRQHandler                                  build/startup_stm32l053xx.o
TIM22_IRQHandler                                  build/startup_stm32l053xx.o
TIM2_IRQHandler                                   build/startup_stm32l053xx.o
TIM6_DAC_IRQHandler                               build/startup_stm32l053xx.o
TSC_IRQHandler                                    build/startup_stm32l053xx.o
USART1_IRQHandler                                 build/startup_stm32l053xx.o
USART2_IRQHandler                                 build/startup_stm32l053xx.o
USB_IRQHandler                                    build/startup_stm32l053xx.o
WWDG_IRQHandler                                   build/startup_stm32l053xx.o
_Error_Handler                                    build/main.o
_Jv_RegisterClasses                               /home/manojkumar/Ac6/SystemWorkbench/plugins/fr.ac6.mcu.externaltools.arm-none.linux64_1.13.1.201703061524/tools/compiler/bin/../lib/gcc/arm-none-eabi/5.4.1/armv6-m/crtbegin.o
__aeabi_idiv0                                     /home/manojkumar/Ac6/SystemWorkbench/plugins/fr.ac6.mcu.externaltools.arm-none.linux64_1.13.1.201703061524/tools/compiler/bin/../lib/gcc/arm-none-eabi/5.4.1/armv6-m/libgcc.a(_dvmd_tls.o)
                                                  /home/manojkumar/Ac6/SystemWorkbench/plugins/fr.ac6.mcu.externaltools.arm-none.linux64_1.13.1.201703061524/tools/compiler/bin/../lib/gcc/arm-none-eabi/5.4.1/armv6-m/libgcc.a(_udivsi3.o)
__aeabi_ldiv0                                     /home/manojkumar/Ac6/SystemWorkbench/plugins/fr.ac6.mcu.externaltools.arm-none.linux64_1.13.1.201703061524/tools/compiler/bin/../lib/gcc/arm-none-eabi/5.4.1/armv6-m/libgcc.a(_dvmd_tls.o)
__aeabi_uidiv                                     /home/manojkumar/Ac6/SystemWorkbench/plugins/fr.ac6.mcu.externaltools.arm-none.linux64_1.13.1.201703061524/tools/compiler/bin/../lib/gcc/arm-none-eabi/5.4.1/armv6-m/libgcc.a(_udivsi3.o)
                                                  build/system_stm32l0xx.o
                                                  build/stm32l0xx_hal_rcc_ex.o
                                                  build/stm32l0xx_hal_rcc.o
                                                  build/stm32l0xx_hal_pwr_ex.o
                                                  build/stm32l0xx_hal.o
                                                  build/main.o
__aeabi_uidivmod                                  /home/manojkumar/Ac6/SystemWorkbench/plugins/fr.ac6.mcu.externaltools.arm-none.linux64_1.13.1.201703061524/tools/compiler/bin/../lib/gcc/arm-none-eabi/5.4.1/armv6-m/libgcc.a(_udivsi3.o)
__bss_end__                                       /home/manojkumar/Ac6/SystemWorkbench/plugins/fr.ac6.mcu.externaltools.arm-none.linux64_1.13.1.201703061524/tools/compiler/bin/../lib/gcc/arm-none-eabi/5.4.1/../../../../arm-none-eabi/lib/armv6-m/crt0.o
__bss_start__                                     /home/manojkumar/Ac6/SystemWorkbench/plugins/fr.ac6.mcu.externaltools.arm-none.linux64_1.13.1.201703061524/tools/compiler/bin/../lib/gcc/arm-none-eabi/5.4.1/../../../../arm-none-eabi/lib/armv6-m/crt0.o
__call_exitprocs                                  /home/manojkumar/Ac6/SystemWorkbench/plugins/fr.ac6.mcu.externaltools.arm-none.linux64_1.13.1.201703061524/tools/compiler/bin/../lib/gcc/arm-none-eabi/5.4.1/../../../../arm-none-eabi/lib/armv6-m/libc_nano.a(lib_a-exit.o)
__deregister_frame_info                           /home/manojkumar/Ac6/SystemWorkbench/plugins/fr.ac6.mcu.externaltools.arm-none.linux64_1.13.1.201703061524/tools/compiler/bin/../lib/gcc/arm-none-eabi/5.4.1/armv6-m/crtbegin.o
__dso_handle                                      /home/manojkumar/Ac6/SystemWorkbench/plugins/fr.ac6.mcu.externaltools.arm-none.linux64_1.13.1.201703061524/tools/compiler/bin/../lib/gcc/arm-none-eabi/5.4.1/armv6-m/crtbegin.o
__init_array_end                                  /home/manojkumar/Ac6/SystemWorkbench/plugins/fr.ac6.mcu.externaltools.arm-none.linux64_1.13.1.201703061524/tools/compiler/bin/../lib/gcc/arm-none-eabi/5.4.1/../../../../arm-none-eabi/lib/armv6-m/libc_nano.a(lib_a-init.o)
__init_array_start                                /home/manojkumar/Ac6/SystemWorkbench/plugins/fr.ac6.mcu.externaltools.arm-none.linux64_1.13.1.201703061524/tools/compiler/bin/../lib/gcc/arm-none-eabi/5.4.1/../../../../arm-none-eabi/lib/armv6-m/libc_nano.a(lib_a-init.o)
__libc_fini_array                                 /home/manojkumar/Ac6/SystemWorkbench/plugins/fr.ac6.mcu.externaltools.arm-none.linux64_1.13.1.201703061524/tools/compiler/bin/../lib/gcc/arm-none-eabi/5.4.1/../../../../arm-none-eabi/lib/armv6-m/crt0.o
__libc_init_array                                 /home/manojkumar/Ac6/SystemWorkbench/plugins/fr.ac6.mcu.externaltools.arm-none.linux64_1.13.1.201703061524/tools/compiler/bin/../lib/gcc/arm-none-eabi/5.4.1/../../../../arm-none-eabi/lib/armv6-m/libc_nano.a(lib_a-init.o)
                                                  build/startup_stm32l053xx.o
                                                  /home/manojkumar/Ac6/SystemWorkbench/plugins/fr.ac6.mcu.externaltools.arm-none.linux64_1.13.1.201703061524/tools/compiler/bin/../lib/gcc/arm-none-eabi/5.4.1/../../../../arm-none-eabi/lib/armv6-m/crt0.o
__preinit_array_end                               /home/manojkumar/Ac6/SystemWorkbench/plugins/fr.ac6.mcu.externaltools.arm-none.linux64_1.13.1.201703061524/tools/compiler/bin/../lib/gcc/arm-none-eabi/5.4.1/../../../../arm-none-eabi/lib/armv6-m/libc_nano.a(lib_a-init.o)
__preinit_array_start                             /home/manojkumar/Ac6/SystemWorkbench/plugins/fr.ac6.mcu.externaltools.arm-none.linux64_1.13.1.201703061524/tools/compiler/bin/../lib/gcc/arm-none-eabi/5.4.1/../../../../arm-none-eabi/lib/armv6-m/libc_nano.a(lib_a-init.o)
__register_frame_info                             /home/manojkumar/Ac6/SystemWorkbench/plugins/fr.ac6.mcu.externaltools.arm-none.linux64_1.13.1.201703061524/tools/compiler/bin/../lib/gcc/arm-none-eabi/5.4.1/armv6-m/crtbegin.o
__sf_fake_stderr                                  /home/manojkumar/Ac6/SystemWorkbench/plugins/fr.ac6.mcu.externaltools.arm-none.linux64_1.13.1.201703061524/tools/compiler/bin/../lib/gcc/arm-none-eabi/5.4.1/../../../../arm-none-eabi/lib/armv6-m/libc_nano.a(lib_a-impure.o)
__sf_fake_stdin                                   /home/manojkumar/Ac6/SystemWorkbench/plugins/fr.ac6.mcu.externaltools.arm-none.linux64_1.13.1.201703061524/tools/compiler/bin/../lib/gcc/arm-none-eabi/5.4.1/../../../../arm-none-eabi/lib/armv6-m/libc_nano.a(lib_a-impure.o)
__sf_fake_stdout                                  /home/manojkumar/Ac6/SystemWorkbench/plugins/fr.ac6.mcu.externaltools.arm-none.linux64_1.13.1.201703061524/tools/compiler/bin/../lib/gcc/arm-none-eabi/5.4.1/../../../../arm-none-eabi/lib/armv6-m/libc_nano.a(lib_a-impure.o)
__stack                                           /home/manojkumar/Ac6/SystemWorkbench/plugins/fr.ac6.mcu.externaltools.arm-none.linux64_1.13.1.201703061524/tools/compiler/bin/../lib/gcc/arm-none-eabi/5.4.1/../../../../arm-none-eabi/lib/armv6-m/crt0.o
__udivsi3                                         /home/manojkumar/Ac6/SystemWorkbench/plugins/fr.ac6.mcu.externaltools.arm-none.linux64_1.13.1.201703061524/tools/compiler/bin/../lib/gcc/arm-none-eabi/5.4.1/armv6-m/libgcc.a(_udivsi3.o)
_ebss                                             build/startup_stm32l053xx.o
_edata                                            build/startup_stm32l053xx.o
_estack                                           build/startup_stm32l053xx.o
_exit                                             /home/manojkumar/Ac6/SystemWorkbench/plugins/fr.ac6.mcu.externaltools.arm-none.linux64_1.13.1.201703061524/tools/compiler/bin/../lib/gcc/arm-none-eabi/5.4.1/../../../../arm-none-eabi/lib/armv6-m/libnosys.a(_exit.o)
                                                  /home/manojkumar/Ac6/SystemWorkbench/plugins/fr.ac6.mcu.externaltools.arm-none.linux64_1.13.1.201703061524/tools/compiler/bin/../lib/gcc/arm-none-eabi/5.4.1/../../../../arm-none-eabi/lib/armv6-m/libc_nano.a(lib_a-exit.o)
_fini                                             /home/manojkumar/Ac6/SystemWorkbench/plugins/fr.ac6.mcu.externaltools.arm-none.linux64_1.13.1.201703061524/tools/compiler/bin/../lib/gcc/arm-none-eabi/5.4.1/armv6-m/crti.o
_global_impure_ptr                                /home/manojkumar/Ac6/SystemWorkbench/plugins/fr.ac6.mcu.externaltools.arm-none.linux64_1.13.1.201703061524/tools/compiler/bin/../lib/gcc/arm-none-eabi/5.4.1/../../../../arm-none-eabi/lib/armv6-m/libc_nano.a(lib_a-impure.o)
                                                  /home/manojkumar/Ac6/SystemWorkbench/plugins/fr.ac6.mcu.externaltools.arm-none.linux64_1.13.1.201703061524/tools/compiler/bin/../lib/gcc/arm-none-eabi/5.4.1/../../../../arm-none-eabi/lib/armv6-m/libc_nano.a(lib_a-exit.o)
_impure_ptr                                       /home/manojkumar/Ac6/SystemWorkbench/plugins/fr.ac6.mcu.externaltools.arm-none.linux64_1.13.1.201703061524/tools/compiler/bin/../lib/gcc/arm-none-eabi/5.4.1/../../../../arm-none-eabi/lib/armv6-m/libc_nano.a(lib_a-impure.o)
_init                                             /home/manojkumar/Ac6/SystemWorkbench/plugins/fr.ac6.mcu.externaltools.arm-none.linux64_1.13.1.201703061524/tools/compiler/bin/../lib/gcc/arm-none-eabi/5.4.1/armv6-m/crti.o
                                                  /home/manojkumar/Ac6/SystemWorkbench/plugins/fr.ac6.mcu.externaltools.arm-none.linux64_1.13.1.201703061524/tools/compiler/bin/../lib/gcc/arm-none-eabi/5.4.1/../../../../arm-none-eabi/lib/armv6-m/libc_nano.a(lib_a-init.o)
_mainCRTStartup                                   /home/manojkumar/Ac6/SystemWorkbench/plugins/fr.ac6.mcu.externaltools.arm-none.linux64_1.13.1.201703061524/tools/compiler/bin/../lib/gcc/arm-none-eabi/5.4.1/../../../../arm-none-eabi/lib/armv6-m/crt0.o
_sbss                                             build/startup_stm32l053xx.o
_sdata                                            build/startup_stm32l053xx.o
_sidata                                           build/startup_stm32l053xx.o
_start                                            /home/manojkumar/Ac6/SystemWorkbench/plugins/fr.ac6.mcu.externaltools.arm-none.linux64_1.13.1.201703061524/tools/compiler/bin/../lib/gcc/arm-none-eabi/5.4.1/../../../../arm-none-eabi/lib/armv6-m/crt0.o
atexit                                            /home/manojkumar/Ac6/SystemWorkbench/plugins/fr.ac6.mcu.externaltools.arm-none.linux64_1.13.1.201703061524/tools/compiler/bin/../lib/gcc/arm-none-eabi/5.4.1/../../../../arm-none-eabi/lib/armv6-m/crt0.o
exit                                              /home/manojkumar/Ac6/SystemWorkbench/plugins/fr.ac6.mcu.externaltools.arm-none.linux64_1.13.1.201703061524/tools/compiler/bin/../lib/gcc/arm-none-eabi/5.4.1/../../../../arm-none-eabi/lib/armv6-m/libc_nano.a(lib_a-exit.o)
                                                  /home/manojkumar/Ac6/SystemWorkbench/plugins/fr.ac6.mcu.externaltools.arm-none.linux64_1.13.1.201703061524/tools/compiler/bin/../lib/gcc/arm-none-eabi/5.4.1/../../../../arm-none-eabi/lib/armv6-m/crt0.o
g_pfnVectors                                      build/startup_stm32l053xx.o
hardware_init_hook                                /home/manojkumar/Ac6/SystemWorkbench/plugins/fr.ac6.mcu.externaltools.arm-none.linux64_1.13.1.201703061524/tools/compiler/bin/../lib/gcc/arm-none-eabi/5.4.1/../../../../arm-none-eabi/lib/armv6-m/crt0.o
main                                              build/main.o
                                                  build/startup_stm32l053xx.o
                                                  /home/manojkumar/Ac6/SystemWorkbench/plugins/fr.ac6.mcu.externaltools.arm-none.linux64_1.13.1.201703061524/tools/compiler/bin/../lib/gcc/arm-none-eabi/5.4.1/../../../../arm-none-eabi/lib/armv6-m/crt0.o
memset                                            /home/manojkumar/Ac6/SystemWorkbench/plugins/fr.ac6.mcu.externaltools.arm-none.linux64_1.13.1.201703061524/tools/compiler/bin/../lib/gcc/arm-none-eabi/5.4.1/../../../../arm-none-eabi/lib/armv6-m/libc_nano.a(lib_a-memset.o)
                                                  build/stm32l0xx_hal_rcc.o
                                                  /home/manojkumar/Ac6/SystemWorkbench/plugins/fr.ac6.mcu.externaltools.arm-none.linux64_1.13.1.201703061524/tools/compiler/bin/../lib/gcc/arm-none-eabi/5.4.1/../../../../arm-none-eabi/lib/armv6-m/crt0.o
pFlash                                            build/stm32l0xx_hal_flash.o
                                                  build/stm32l0xx_hal_flash_ex.o
                                                  build/stm32l0xx_hal_flash_ramfunc.o
software_init_hook                                /home/manojkumar/Ac6/SystemWorkbench/plugins/fr.ac6.mcu.externaltools.arm-none.linux64_1.13.1.201703061524/tools/compiler/bin/../lib/gcc/arm-none-eabi/5.4.1/../../../../arm-none-eabi/lib/armv6-m/crt0.o
uwTick                                            build/stm32l0xx_hal.o
